// Jest Snapshot v1, https://goo.gl/fbAQLP

exports[`renders correctly 1`] = `
<div
  className="range-selector__item"
>
  <input
    checked={true}
    className="range-selector__item-checkbox"
    id="checkboxName"
    onChange={[Function]}
    type="checkbox"
    value="checkboxName"
  />
  <label
    className="range-selector__item-label is-in-range"
    htmlFor="checkboxName"
  >
    3
  </label>
</div>
`;
